Archive member included to satisfy reference by file (symbol)

C:/ST/STM32CubeIDE_1.13.1/STM32CubeIDE/plugins/com.st.stm32cube.ide.mcu.externaltools.gnu-tools-for-stm32.11.3.rel1.win32_1.1.100.202309141235/tools/bin/../lib/gcc/arm-none-eabi/11.3.1/../../../../arm-none-eabi/lib/thumb/v7e-m+fp/hard\libc_nano.a(libc_a-exit.o)
                              C:/ST/STM32CubeIDE_1.13.1/STM32CubeIDE/plugins/com.st.stm32cube.ide.mcu.externaltools.gnu-tools-for-stm32.11.3.rel1.win32_1.1.100.202309141235/tools/bin/../lib/gcc/arm-none-eabi/11.3.1/../../../../arm-none-eabi/lib/thumb/v7e-m+fp/hard/crt0.o (exit)
C:/ST/STM32CubeIDE_1.13.1/STM32CubeIDE/plugins/com.st.stm32cube.ide.mcu.externaltools.gnu-tools-for-stm32.11.3.rel1.win32_1.1.100.202309141235/tools/bin/../lib/gcc/arm-none-eabi/11.3.1/../../../../arm-none-eabi/lib/thumb/v7e-m+fp/hard\libc_nano.a(libc_a-findfp.o)
                              C:/ST/STM32CubeIDE_1.13.1/STM32CubeIDE/plugins/com.st.stm32cube.ide.mcu.externaltools.gnu-tools-for-stm32.11.3.rel1.win32_1.1.100.202309141235/tools/bin/../lib/gcc/arm-none-eabi/11.3.1/../../../../arm-none-eabi/lib/thumb/v7e-m+fp/hard\libc_nano.a(libc_a-exit.o) (__stdio_exit_handler)
C:/ST/STM32CubeIDE_1.13.1/STM32CubeIDE/plugins/com.st.stm32cube.ide.mcu.externaltools.gnu-tools-for-stm32.11.3.rel1.win32_1.1.100.202309141235/tools/bin/../lib/gcc/arm-none-eabi/11.3.1/../../../../arm-none-eabi/lib/thumb/v7e-m+fp/hard\libc_nano.a(libc_a-fwalk.o)
                              C:/ST/STM32CubeIDE_1.13.1/STM32CubeIDE/plugins/com.st.stm32cube.ide.mcu.externaltools.gnu-tools-for-stm32.11.3.rel1.win32_1.1.100.202309141235/tools/bin/../lib/gcc/arm-none-eabi/11.3.1/../../../../arm-none-eabi/lib/thumb/v7e-m+fp/hard\libc_nano.a(libc_a-findfp.o) (_fwalk_sglue)
C:/ST/STM32CubeIDE_1.13.1/STM32CubeIDE/plugins/com.st.stm32cube.ide.mcu.externaltools.gnu-tools-for-stm32.11.3.rel1.win32_1.1.100.202309141235/tools/bin/../lib/gcc/arm-none-eabi/11.3.1/../../../../arm-none-eabi/lib/thumb/v7e-m+fp/hard\libc_nano.a(libc_a-stdio.o)
                              C:/ST/STM32CubeIDE_1.13.1/STM32CubeIDE/plugins/com.st.stm32cube.ide.mcu.externaltools.gnu-tools-for-stm32.11.3.rel1.win32_1.1.100.202309141235/tools/bin/../lib/gcc/arm-none-eabi/11.3.1/../../../../arm-none-eabi/lib/thumb/v7e-m+fp/hard\libc_nano.a(libc_a-findfp.o) (__sread)
C:/ST/STM32CubeIDE_1.13.1/STM32CubeIDE/plugins/com.st.stm32cube.ide.mcu.externaltools.gnu-tools-for-stm32.11.3.rel1.win32_1.1.100.202309141235/tools/bin/../lib/gcc/arm-none-eabi/11.3.1/../../../../arm-none-eabi/lib/thumb/v7e-m+fp/hard\libc_nano.a(libc_a-memset.o)
                              C:/ST/STM32CubeIDE_1.13.1/STM32CubeIDE/plugins/com.st.stm32cube.ide.mcu.externaltools.gnu-tools-for-stm32.11.3.rel1.win32_1.1.100.202309141235/tools/bin/../lib/gcc/arm-none-eabi/11.3.1/../../../../arm-none-eabi/lib/thumb/v7e-m+fp/hard/crt0.o (memset)
C:/ST/STM32CubeIDE_1.13.1/STM32CubeIDE/plugins/com.st.stm32cube.ide.mcu.externaltools.gnu-tools-for-stm32.11.3.rel1.win32_1.1.100.202309141235/tools/bin/../lib/gcc/arm-none-eabi/11.3.1/../../../../arm-none-eabi/lib/thumb/v7e-m+fp/hard\libc_nano.a(libc_a-closer.o)
                              C:/ST/STM32CubeIDE_1.13.1/STM32CubeIDE/plugins/com.st.stm32cube.ide.mcu.externaltools.gnu-tools-for-stm32.11.3.rel1.win32_1.1.100.202309141235/tools/bin/../lib/gcc/arm-none-eabi/11.3.1/../../../../arm-none-eabi/lib/thumb/v7e-m+fp/hard\libc_nano.a(libc_a-stdio.o) (_close_r)
C:/ST/STM32CubeIDE_1.13.1/STM32CubeIDE/plugins/com.st.stm32cube.ide.mcu.externaltools.gnu-tools-for-stm32.11.3.rel1.win32_1.1.100.202309141235/tools/bin/../lib/gcc/arm-none-eabi/11.3.1/../../../../arm-none-eabi/lib/thumb/v7e-m+fp/hard\libc_nano.a(libc_a-reent.o)
                              C:/ST/STM32CubeIDE_1.13.1/STM32CubeIDE/plugins/com.st.stm32cube.ide.mcu.externaltools.gnu-tools-for-stm32.11.3.rel1.win32_1.1.100.202309141235/tools/bin/../lib/gcc/arm-none-eabi/11.3.1/../../../../arm-none-eabi/lib/thumb/v7e-m+fp/hard\libc_nano.a(libc_a-closer.o) (errno)
C:/ST/STM32CubeIDE_1.13.1/STM32CubeIDE/plugins/com.st.stm32cube.ide.mcu.externaltools.gnu-tools-for-stm32.11.3.rel1.win32_1.1.100.202309141235/tools/bin/../lib/gcc/arm-none-eabi/11.3.1/../../../../arm-none-eabi/lib/thumb/v7e-m+fp/hard\libc_nano.a(libc_a-impure.o)
                              C:/ST/STM32CubeIDE_1.13.1/STM32CubeIDE/plugins/com.st.stm32cube.ide.mcu.externaltools.gnu-tools-for-stm32.11.3.rel1.win32_1.1.100.202309141235/tools/bin/../lib/gcc/arm-none-eabi/11.3.1/../../../../arm-none-eabi/lib/thumb/v7e-m+fp/hard\libc_nano.a(libc_a-reent.o) (_impure_ptr)
C:/ST/STM32CubeIDE_1.13.1/STM32CubeIDE/plugins/com.st.stm32cube.ide.mcu.externaltools.gnu-tools-for-stm32.11.3.rel1.win32_1.1.100.202309141235/tools/bin/../lib/gcc/arm-none-eabi/11.3.1/../../../../arm-none-eabi/lib/thumb/v7e-m+fp/hard\libc_nano.a(libc_a-lseekr.o)
[...]
Memory Configuration

Name             Origin             Length             Attributes
RAM              0x0000000020000000 0x0000000000010000 xrw
FLASH            0x0000000008000000 0x0000000000040000 xr
*default*        0x0000000000000000 0xffffffffffffffff

Linker script and memory map

LOAD C:/ST/STM32CubeIDE_1.13.1/STM32CubeIDE/plugins/com.st.stm32cube.ide.mcu.externaltools.gnu-tools-for-stm32.11.3.rel1.win32_1.1.100.202309141235/tools/bin/../lib/gcc/arm-none-eabi/11.3.1/thumb/v7e-m+fp/hard/crti.o
LOAD C:/ST/STM32CubeIDE_1.13.1/STM32CubeIDE/plugins/com.st.stm32cube.ide.mcu.externaltools.gnu-tools-for-stm32.11.3.rel1.win32_1.1.100.202309141235/tools/bin/../lib/gcc/arm-none-eabi/11.3.1/thumb/v7e-m+fp/hard/crtbegin.o
LOAD C:/ST/STM32CubeIDE_1.13.1/STM32CubeIDE/plugins/com.st.stm32cube.ide.mcu.externaltools.gnu-tools-for-stm32.11.3.rel1.win32_1.1.100.202309141235/tools/bin/../lib/gcc/arm-none-eabi/11.3.1/../../../../arm-none-eabi/lib/thumb/v7e-m+fp/hard/crt0.o
LOAD ./Core/Src/Application/Alarm.o
LOAD ./Core/Src/Application/Clock.o
LOAD ./Core/Src/HAL/HDELAY/HDELAY_Program.o
LOAD ./Core/Src/HAL/HLCD/HLCD_programm.o
LOAD ./Core/Src/main.o
LOAD ./Core/Src/stm32f4xx_hal_msp.o
LOAD ./Core/Src/stm32f4xx_it.o
LOAD ./Core/Src/syscalls.o
LOAD ./Core/Src/sysmem.o
LOAD ./Core/Src/system_stm32f4xx.o
LOAD ./Core/Startup/startup_stm32f401ccux.o
LOAD ./Drivers/STM32F4xx_HAL_Driver/Src/stm32f4xx_hal.o
LOAD ./Drivers/STM32F4xx_HAL_Driver/Src/stm32f4xx_hal_cortex.o
LOAD ./Drivers/STM32F4xx_HAL_Driver/Src/stm32f4xx_hal_dma.o
LOAD ./Drivers/STM32F4xx_HAL_Driver/Src/stm32f4xx_hal_dma_ex.o
LOAD ./Drivers/STM32F4xx_HAL_Driver/Src/stm32f4xx_hal_exti.o
LOAD ./Drivers/STM32F4xx_HAL_Driver/Src/stm32f4xx_hal_flash.o
LOAD ./Drivers/STM32F4xx_HAL_Driver/Src/stm32f4xx_hal_flash_ex.o
LOAD ./Drivers/STM32F4xx_HAL_Driver/Src/stm32f4xx_hal_flash_ramfunc.o
LOAD ./Drivers/STM32F4xx_HAL_Driver/Src/stm32f4xx_hal_gpio.o
LOAD ./Drivers/STM32F4xx_HAL_Driver/Src/stm32f4xx_hal_pwr.o
LOAD ./Drivers/STM32F4xx_HAL_Driver/Src/stm32f4xx_hal_pwr_ex.o
LOAD ./Drivers/STM32F4xx_HAL_Driver/Src/stm32f4xx_hal_rcc.o
LOAD ./Drivers/STM32F4xx_HAL_Driver/Src/stm32f4xx_hal_rcc_ex.o
LOAD ./Drivers/STM32F4xx_HAL_Driver/Src/stm32f4xx_hal_tim.o
LOAD ./Drivers/STM32F4xx_HAL_Driver/Src/stm32f4xx_hal_tim_ex.o
START GROUP
LOAD C:/ST/STM32CubeIDE_1.13.1/STM32CubeIDE/plugins/com.st.stm32cube.ide.mcu.externaltools.gnu-tools-for-stm32.11.3.rel1.win32_1.1.100.202309141235/tools/bin/../lib/gcc/arm-none-eabi/11.3.1/../../../../arm-none-eabi/lib/thumb/v7e-m+fp/hard\libc_nano.a
LOAD C:/ST/STM32CubeIDE_1.13.1/STM32CubeIDE/plugins/com.st.stm32cube.ide.mcu.externaltools.gnu-tools-for-stm32.11.3.rel1.win32_1.1.100.202309141235/tools/bin/../lib/gcc/arm-none-eabi/11.3.1/../../../../arm-none-eabi/lib/thumb/v7e-m+fp/hard\libm.a
END GROUP
START GROUP
LOAD C:/ST/STM32CubeIDE_1.13.1/STM32CubeIDE/plugins/com.st.stm32cube.ide.mcu.externaltools.gnu-tools-for-stm32.11.3.rel1.win32_1.1.100.202309141235/tools/bin/../lib/gcc/arm-none-eabi/11.3.1/thumb/v7e-m+fp/hard\libgcc.a
LOAD C:/ST/STM32CubeIDE_1.13.1/STM32CubeIDE/plugins/com.st.stm32cube.ide.mcu.externaltools.gnu-tools-for-stm32.11.3.rel1.win32_1.1.100.202309141235/tools/bin/../lib/gcc/arm-none-eabi/11.3.1/../../../../arm-none-eabi/lib/thumb/v7e-m+fp/hard\libc_nano.a
END GROUP
START GROUP
LOAD C:/ST/STM32CubeIDE_1.13.1/STM32CubeIDE/plugins/com.st.stm32cube.ide.mcu.externaltools.gnu-tools-for-stm32.11.3.rel1.win32_1.1.100.202309141235/tools/bin/../lib/gcc/arm-none-eabi/11.3.1/thumb/v7e-m+fp/hard\libgcc.a
LOAD C:/ST/STM32CubeIDE_1.13.1/STM32CubeIDE/plugins/com.st.stm32cube.ide.mcu.externaltools.gnu-tools-for-stm32.11.3.rel1.win32_1.1.100.202309141235/tools/bin/../lib/gcc/arm-none-eabi/11.3.1/../../../../arm-none-eabi/lib/thumb/v7e-m+fp/hard\libc_nano.a
LOAD C:/ST/STM32CubeIDE_1.13.1/STM32CubeIDE/plugins/com.st.stm32cube.ide.mcu.externaltools.gnu-tools-for-stm32.11.3.rel1.win32_1.1.100.202309141235/tools/bin/../lib/gcc/arm-none-eabi/11.3.1/../../../../arm-none-eabi/lib/thumb/v7e-m+fp/hard\libnosys.a
END GROUP
START GROUP
LOAD C:/ST/STM32CubeIDE_1.13.1/STM32CubeIDE/plugins/com.st.stm32cube.ide.mcu.externaltools.gnu-tools-for-stm32.11.3.rel1.win32_1.1.100.202309141235/tools/bin/../lib/gcc/arm-none-eabi/11.3.1/thumb/v7e-m+fp/hard\libgcc.a
LOAD C:/ST/STM32CubeIDE_1.13.1/STM32CubeIDE/plugins/com.st.stm32cube.ide.mcu.externaltools.gnu-tools-for-stm32.11.3.rel1.win32_1.1.100.202309141235/tools/bin/../lib/gcc/arm-none-eabi/11.3.1/../../../../arm-none-eabi/lib/thumb/v7e-m+fp/hard\libc_nano.a
LOAD C:/ST/STM32CubeIDE_1.13.1/STM32CubeIDE/plugins/com.st.stm32cube.ide.mcu.externaltools.gnu-tools-for-stm32.11.3.rel1.win32_1.1.100.202309141235/tools/bin/../lib/gcc/arm-none-eabi/11.3.1/../../../../arm-none-eabi/lib/thumb/v7e-m+fp/hard\libnosys.a
END GROUP
LOAD C:/ST/STM32CubeIDE_1.13.1/STM32CubeIDE/plugins/com.st.stm32cube.ide.mcu.externaltools.gnu-tools-for-stm32.11.3.rel1.win32_1.1.100.202309141235/tools/bin/../lib/gcc/arm-none-eabi/11.3.1/thumb/v7e-m+fp/hard/crtend.o
LOAD C:/ST/STM32CubeIDE_1.13.1/STM32CubeIDE/plugins/com.st.stm32cube.ide.mcu.externaltools.gnu-tools-for-stm32.11.3.rel1.win32_1.1.100.202309141235/tools/bin/../lib/gcc/arm-none-eabi/11.3.1/thumb/v7e-m+fp/hard/crtn.o
                0x0000000020010000                _estack = (ORIGIN (RAM) + LENGTH (RAM))
                0x0000000000000200                _Min_Heap_Size = 0x200
                0x0000000000000400                _Min_Stack_Size = 0x400

.isr_vector     0x0000000008000000      0x194
                0x0000000008000000                . = ALIGN (0x4)
 *(.isr_vector)
 .isr_vector    0x0000000008000000      0x194 ./Core/Startup/startup_stm32f401ccux.o
                0x0000000008000000                g_pfnVectors
                0x0000000008000194                . = ALIGN (0x4)

.text           0x0000000008000194     0x2b80
                0x0000000008000194                . = ALIGN (0x4)
 *(.text)
 .text          0x0000000008000194       0x40 C:/ST/STM32CubeIDE_1.13.1/STM32CubeIDE/plugins/com.st.stm32cube.ide.mcu.externaltools.gnu-tools-for-stm32.11.3.rel1.win32_1.1.100.202309141235/tools/bin/../lib/gcc/arm-none-eabi/11.3.1/thumb/v7e-m+fp/hard/crtbegin.o
 .text          0x00000000080001d4       0x30 C:/ST/STM32CubeIDE_1.13.1/STM32CubeIDE/plugins/com.st.stm32cube.ide.mcu.externaltools.gnu-tools-for-stm32.11.3.rel1.win32_1.1.100.202309141235/tools/bin/../lib/gcc/arm-none-eabi/11.3.1/thumb/v7e-m+fp/hard\libgcc.a(_aeabi_uldivmod.o)
                0x00000000080001d4                __aeabi_uldivmod
 .text          0x0000000008000204      0x2c8 C:/ST/STM32CubeIDE_1.13.1/STM32CubeIDE/plugins/com.st.stm32cube.ide.mcu.externaltools.gnu-tools-for-stm32.11.3.rel1.win32_1.1.100.202309141235/tools/bin/../lib/gcc/arm-none-eabi/11.3.1/thumb/v7e-m+fp/hard\libgcc.a(_udivmoddi4.o)
                0x0000000008000204                __udivmoddi4
 .text          0x00000000080004cc        0x4 C:/ST/STM32CubeIDE_1.13.1/STM32CubeIDE/plugins/com.st.stm32cube.ide.mcu.externaltools.gnu-tools-for-stm32.11.3.rel1.win32_1.1.100.202309141235/tools/bin/../lib/gcc/arm-none-eabi/11.3.1/thumb/v7e-m+fp/hard\libgcc.a(_dvmd_tls.o)
                0x00000000080004cc                __aeabi_idiv0
                0x00000000080004cc                __aeabi_ldiv0
 *(.text*)
 .text.Alarm_Ring
                0x00000000080004d0       0x40 ./Core/Src/Application/Alarm.o
                0x00000000080004d0                Alarm_Ring
 .text.Alarm_Snooze
                0x0000000008000510       0x6c ./Core/Src/Application/Alarm.o
                0x0000000008000510                Alarm_Snooze
 .text.Alarm_Stop
                0x000000000800057c       0x3c ./Core/Src/Application/Alarm.o
                0x000000000800057c                Alarm_Stop
 .text.Alarm_ON_OFF
                0x00000000080005b8       0x38 ./Core/Src/Application/Alarm.o
                0x00000000080005b8                Alarm_ON_OFF
 .text.Alaram_setAlarm
                0x00000000080005f0      0x3bc ./Core/Src/Application/Alarm.o
                0x00000000080005f0                Alaram_setAlarm
 .text.Clock_init
                0x00000000080009ac       0xcc ./Core/Src/Application/Clock.o
                0x00000000080009ac                Clock_init
 .text.Clock_updateTime
                0x0000000008000a78       0x84 ./Core/Src/Application/Clock.o
                0x0000000008000a78                Clock_updateTime
 .text.Clock_display
                0x0000000008000afc       0xec ./Core/Src/Application/Clock.o
                0x0000000008000afc                Clock_display
 .text.Clock_setClock
                0x0000000008000be8      0x3b0 ./Core/Src/Application/Clock.o
                0x0000000008000be8                Clock_setClock
 .text.Clock_compareTime
                0x0000000008000f98       0x40 ./Core/Src/Application/Clock.o
                0x0000000008000f98                Clock_compareTime
 .text.HDELAY_delay_us
                0x0000000008000fd8       0x30 ./Core/Src/HAL/HDELAY/HDELAY_Program.o
                0x0000000008000fd8                HDELAY_delay_us
 .text.HDELAY_delay_ms
                0x0000000008001008       0x40 ./Core/Src/HAL/HDELAY/HDELAY_Program.o
                0x0000000008001008                HDELAY_delay_ms
 .text.HLCD_voidINIT
                0x0000000008001048       0x38 ./Core/Src/HAL/HLCD/HLCD_programm.o
                0x0000000008001048                HLCD_voidINIT
 .text.HLCD_u8SendCmnd
                0x0000000008001080       0xfc ./Core/Src/HAL/HLCD/HLCD_programm.o
                0x0000000008001080                HLCD_u8SendCmnd
 .text.HLCD_u8SendChar
                0x000000000800117c      0x100 ./Core/Src/HAL/HLCD/HLCD_programm.o
                0x000000000800117c                HLCD_u8SendChar
 .text.HLCD_u8SetCursor
                0x000000000800127c       0x2a ./Core/Src/HAL/HLCD/HLCD_programm.o
                0x000000000800127c                HLCD_u8SetCursor
 *fill*         0x00000000080012a6        0x2 
 .text.HLCD_u8SendNumber
                0x00000000080012a8       0xb8 ./Core/Src/HAL/HLCD/HLCD_programm.o
                0x00000000080012a8                HLCD_u8SendNumber
 .text.HLCD_u8ClearDisplay
                0x0000000008001360       0x16 ./Core/Src/HAL/HLCD/HLCD_programm.o
                0x0000000008001360                HLCD_u8ClearDisplay
 *fill*         0x0000000008001376        0x2 
 .text.main     0x0000000008001378       0xd0 ./Core/Src/main.o
                0x0000000008001378                main
 .text.SystemClock_Config
                0x0000000008001448       0xc0 ./Core/Src/main.o
                0x0000000008001448                SystemClock_Config
 .text.MX_TIM4_Init
                0x0000000008001508       0x9c ./Core/Src/main.o
 .text.MX_GPIO_Init
                0x00000000080015a4       0xcc ./Core/Src/main.o
 .text.Error_Handler
                0x0000000008001670        0xa ./Core/Src/main.o
                0x0000000008001670                Error_Handler
 *fill*         0x000000000800167a        0x2 
 .text.HAL_MspInit
                0x000000000800167c       0x50 ./Core/Src/stm32f4xx_hal_msp.o
                0x000000000800167c                HAL_MspInit
 .text.HAL_TIM_Base_MspInit
                0x00000000080016cc       0x44 ./Core/Src/stm32f4xx_hal_msp.o
                0x00000000080016cc                HAL_TIM_Base_MspInit
 .text.NMI_Handler
                0x0000000008001710        0x6 ./Core/Src/stm32f4xx_it.o
                0x0000000008001710                NMI_Handler
 .text.HardFault_Handler
                0x0000000008001716        0x6 ./Core/Src/stm32f4xx_it.o
                0x0000000008001716                HardFault_Handler
 .text.MemManage_Handler
                0x000000000800171c        0x6 ./Core/Src/stm32f4xx_it.o
                0x000000000800171c                MemManage_Handler
 .text.BusFault_Handler
                0x0000000008001722        0x6 ./Core/Src/stm32f4xx_it.o
                0x0000000008001722                BusFault_Handler
 .text.UsageFault_Handler
                0x0000000008001728        0x6 ./Core/Src/stm32f4xx_it.o
                0x0000000008001728                UsageFault_Handler
 .text.SVC_Handler
                0x000000000800172e        0xe ./Core/Src/stm32f4xx_it.o
                0x000000000800172e                SVC_Handler
 .text.DebugMon_Handler
                0x000000000800173c        0xe ./Core/Src/stm32f4xx_it.o
                0x000000000800173c                DebugMon_Handler
 .text.PendSV_Handler
                0x000000000800174a        0xe ./Core/Src/stm32f4xx_it.o
                0x000000000800174a                PendSV_Handler
 .text.SysTick_Handler
                0x0000000008001758       0x14 ./Core/Src/stm32f4xx_it.o
                0x0000000008001758                SysTick_Handler
 .text.SystemInit
                0x000000000800176c       0x24 ./Core/Src/system_stm32f4xx.o
                0x000000000800176c                SystemInit
 .text.Reset_Handler
                0x0000000008001790       0x50 ./Core/Startup/startup_stm32f401ccux.o
                0x0000000008001790                Reset_Handler
 .text.Default_Handler
                0x00000000080017e0        0x2 ./Core/Startup/startup_stm32f401ccux.o
                0x00000000080017e0                RTC_Alarm_IRQHandler
                0x00000000080017e0                EXTI2_IRQHandler
                0x00000000080017e0                SPI4_IRQHandler
                0x00000000080017e0                TIM1_CC_IRQHandler
                0x00000000080017e0                DMA2_Stream5_IRQHandler
                0x00000000080017e0                DMA1_Stream5_IRQHandler
                0x00000000080017e0                PVD_IRQHandler
                0x00000000080017e0                SDIO_IRQHandler
                0x00000000080017e0                TAMP_STAMP_IRQHandler
                0x00000000080017e0                EXTI3_IRQHandler
                0x00000000080017e0                TIM1_UP_TIM10_IRQHandler
                0x00000000080017e0                I2C3_ER_IRQHandler
                0x00000000080017e0                EXTI0_IRQHandler
                0x00000000080017e0                I2C2_EV_IRQHandler
                0x00000000080017e0                DMA1_Stream2_IRQHandler
                0x00000000080017e0                FPU_IRQHandler
                0x00000000080017e0                DMA2_Stream2_IRQHandler
                0x00000000080017e0                SPI1_IRQHandler
                0x00000000080017e0                TIM1_BRK_TIM9_IRQHandler
                0x00000000080017e0                DMA2_Stream3_IRQHandler
                0x00000000080017e0                USART6_IRQHandler
                0x00000000080017e0                DMA2_Stream0_IRQHandler
                0x00000000080017e0                TIM4_IRQHandler
                0x00000000080017e0                I2C1_EV_IRQHandler
                0x00000000080017e0                DMA1_Stream6_IRQHandler
                0x00000000080017e0                DMA1_Stream1_IRQHandler
                0x00000000080017e0                TIM3_IRQHandler
                0x00000000080017e0                RCC_IRQHandler
                0x00000000080017e0                Default_Handler
                0x00000000080017e0                EXTI15_10_IRQHandler
                0x00000000080017e0                ADC_IRQHandler
                0x00000000080017e0                DMA1_Stream7_IRQHandler
                0x00000000080017e0                TIM5_IRQHandler
                0x00000000080017e0                DMA2_Stream7_IRQHandler
                0x00000000080017e0                I2C3_EV_IRQHandler
                0x00000000080017e0                EXTI9_5_IRQHandler
                0x00000000080017e0                RTC_WKUP_IRQHandler
                0x00000000080017e0                SPI2_IRQHandler
                0x00000000080017e0                DMA1_Stream0_IRQHandler
                0x00000000080017e0                EXTI4_IRQHandler
                0x00000000080017e0                WWDG_IRQHandler
                0x00000000080017e0                TIM2_IRQHandler
                0x00000000080017e0                OTG_FS_WKUP_IRQHandler
                0x00000000080017e0                TIM1_TRG_COM_TIM11_IRQHandler
                0x00000000080017e0                EXTI1_IRQHandler
                0x00000000080017e0                USART2_IRQHandler
                0x00000000080017e0                I2C2_ER_IRQHandler
                0x00000000080017e0                DMA2_Stream1_IRQHandler
                0x00000000080017e0                FLASH_IRQHandler
                0x00000000080017e0                DMA2_Stream4_IRQHandler
                0x00000000080017e0                USART1_IRQHandler
                0x00000000080017e0                OTG_FS_IRQHandler
                0x00000000080017e0                SPI3_IRQHandler
                0x00000000080017e0                DMA1_Stream4_IRQHandler
                0x00000000080017e0                I2C1_ER_IRQHandler
                0x00000000080017e0                DMA2_Stream6_IRQHandler
                0x00000000080017e0                DMA1_Stream3_IRQHandler
 *fill*         0x00000000080017e2        0x2 
 .text.HAL_Init
                0x00000000080017e4       0x44 ./Drivers/STM32F4xx_HAL_Driver/Src/stm32f4xx_hal.o
                0x00000000080017e4                HAL_Init
 .text.HAL_InitTick
                0x0000000008001828       0x60 ./Drivers/STM32F4xx_HAL_Driver/Src/stm32f4xx_hal.o
                0x0000000008001828                HAL_InitTick
 .text.HAL_IncTick
                0x0000000008001888       0x28 ./Drivers/STM32F4xx_HAL_Driver/Src/stm32f4xx_hal.o
                0x0000000008001888                HAL_IncTick
 .text.HAL_GetTick
                0x00000000080018b0       0x18 ./Drivers/STM32F4xx_HAL_Driver/Src/stm32f4xx_hal.o
                0x00000000080018b0                HAL_GetTick
 .text.HAL_GetTickFreq
                0x00000000080018c8       0x18 ./Drivers/STM32F4xx_HAL_Driver/Src/stm32f4xx_hal.o
                0x00000000080018c8                HAL_GetTickFreq
 .text.__NVIC_SetPriorityGrouping
                0x00000000080018e0       0x48 ./Drivers/STM32F4xx_HAL_Driver/Src/stm32f4xx_hal_cortex.o
 .text.__NVIC_GetPriorityGrouping
                0x0000000008001928       0x1c ./Drivers/STM32F4xx_HAL_Driver/Src/stm32f4xx_hal_cortex.o
 .text.__NVIC_SetPriority
                0x0000000008001944       0x54 ./Drivers/STM32F4xx_HAL_Driver/Src/stm32f4xx_hal_cortex.o
 .text.NVIC_EncodePriority
                0x0000000008001998       0x66 ./Drivers/STM32F4xx_HAL_Driver/Src/stm32f4xx_hal_cortex.o
 *fill*         0x00000000080019fe        0x2 
 .text.SysTick_Config
                0x0000000008001a00       0x44 ./Drivers/STM32F4xx_HAL_Driver/Src/stm32f4xx_hal_cortex.o
 .text.HAL_NVIC_SetPriorityGrouping
                0x0000000008001a44       0x16 ./Drivers/STM32F4xx_HAL_Driver/Src/stm32f4xx_hal_cortex.o
                0x0000000008001a44                HAL_NVIC_SetPriorityGrouping
 .text.HAL_NVIC_SetPriority
                0x0000000008001a5a       0x38 ./Drivers/STM32F4xx_HAL_Driver/Src/stm32f4xx_hal_cortex.o
                0x0000000008001a5a                HAL_NVIC_SetPriority
 .text.HAL_SYSTICK_Config
                0x0000000008001a92       0x18 ./Drivers/STM32F4xx_HAL_Driver/Src/stm32f4xx_hal_cortex.o
                0x0000000008001a92                HAL_SYSTICK_Config
 *fill*         0x0000000008001aaa        0x2 
 .text.HAL_SYSTICK_CLKSourceConfig
                0x0000000008001aac       0x38 ./Drivers/STM32F4xx_HAL_Driver/Src/stm32f4xx_hal_cortex.o
                0x0000000008001aac                HAL_SYSTICK_CLKSourceConfig
 .text.HAL_GPIO_Init
                0x0000000008001ae4      0x308 ./Drivers/STM32F4xx_HAL_Driver/Src/stm32f4xx_hal_gpio.o
                0x0000000008001ae4                HAL_GPIO_Init
 .text.HAL_GPIO_ReadPin
                0x0000000008001dec       0x30 ./Drivers/STM32F4xx_HAL_Driver/Src/stm32f4xx_hal_gpio.o
                0x0000000008001dec                HAL_GPIO_ReadPin
 .text.HAL_GPIO_WritePin
                0x0000000008001e1c       0x32 ./Drivers/STM32F4xx_HAL_Driver/Src/stm32f4xx_hal_gpio.o
                0x0000000008001e1c                HAL_GPIO_WritePin
 *fill*         0x0000000008001e4e        0x2 
 .text.HAL_RCC_OscConfig
                0x0000000008001e50      0x4f0 ./Drivers/STM32F4xx_HAL_Driver/Src/stm32f4xx_hal_rcc.o
                0x0000000008001e50                HAL_RCC_OscConfig
 .text.HAL_RCC_ClockConfig
                0x0000000008002340      0x1cc ./Drivers/STM32F4xx_HAL_Driver/Src/stm32f4xx_hal_rcc.o
                0x0000000008002340                HAL_RCC_ClockConfig
 .text.HAL_RCC_GetSysClockFreq
                0x000000000800250c      0x18c ./Drivers/STM32F4xx_HAL_Driver/Src/stm32f4xx_hal_rcc.o
                0x000000000800250c                HAL_RCC_GetSysClockFreq
 .text.HAL_TIM_Base_Init
                0x0000000008002698       0x9e ./Drivers/STM32F4xx_HAL_Driver/Src/stm32f4xx_hal_tim.o
                0x0000000008002698                HAL_TIM_Base_Init
 *fill*         0x0000000008002736        0x2 
 .text.HAL_TIM_Base_Start
                0x0000000008002738       0xb4 ./Drivers/STM32F4xx_HAL_Driver/Src/stm32f4xx_hal_tim.o
                0x0000000008002738                HAL_TIM_Base_Start
 .text.HAL_TIM_ConfigClockSource
                0x00000000080027ec      0x18e ./Drivers/STM32F4xx_HAL_Driver/Src/stm32f4xx_hal_tim.o
                0x00000000080027ec                HAL_TIM_ConfigClockSource
 *fill*         0x000000000800297a        0x2 
 .text.TIM_Base_SetConfig
                0x000000000800297c      0x118 ./Drivers/STM32F4xx_HAL_Driver/Src/stm32f4xx_hal_tim.o
                0x000000000800297c                TIM_Base_SetConfig
 .text.TIM_TI1_ConfigInputStage
                0x0000000008002a94       0x5e ./Drivers/STM32F4xx_HAL_Driver/Src/stm32f4xx_hal_tim.o
 .text.TIM_TI2_ConfigInputStage
                0x0000000008002af2       0x60 ./Drivers/STM32F4xx_HAL_Driver/Src/stm32f4xx_hal_tim.o
 .text.TIM_ITRx_SetConfig
                0x0000000008002b52       0x36 ./Drivers/STM32F4xx_HAL_Driver/Src/stm32f4xx_hal_tim.o
 .text.TIM_ETR_SetConfig
                0x0000000008002b88       0x40 ./Drivers/STM32F4xx_HAL_Driver/Src/stm32f4xx_hal_tim.o
                0x0000000008002b88                TIM_ETR_SetConfig
 .text.HAL_TIMEx_MasterConfigSynchronization
                0x0000000008002bc8       0xdc ./Drivers/STM32F4xx_HAL_Driver/Src/stm32f4xx_hal_tim_ex.o
                0x0000000008002bc8                HAL_TIMEx_MasterConfigSynchronization
 .text.memset   0x0000000008002ca4       0x10 C:/ST/STM32CubeIDE_1.13.1/STM32CubeIDE/plugins/com.st.stm32cube.ide.mcu.externaltools.gnu-tools-for-stm32.11.3.rel1.win32_1.1.100.202309141235/tools/bin/../lib/gcc/arm-none-eabi/11.3.1/../../../../arm-none-eabi/lib/thumb/v7e-m+fp/hard\libc_nano.a(libc_a-memset.o)
                0x0000000008002ca4                memset
 .text.__libc_init_array
                0x0000000008002cb4       0x48 C:/ST/STM32CubeIDE_1.13.1/STM32CubeIDE/plugins/com.st.stm32cube.ide.mcu.externaltools.gnu-tools-for-stm32.11.3.rel1.win32_1.1.100.202309141235/tools/bin/../lib/gcc/arm-none-eabi/11.3.1/../../../../arm-none-eabi/lib/thumb/v7e-m+fp/hard\libc_nano.a(libc_a-init.o)
                0x0000000008002cb4                __libc_init_array
 *(.glue_7)
 .glue_7        0x0000000008002cfc        0x0 linker stubs
 *(.glue_7t)
 .glue_7t       0x0000000008002cfc        0x0 linker stubs
 *(.eh_frame)
 .eh_frame      0x0000000008002cfc        0x0 C:/ST/STM32CubeIDE_1.13.1/STM32CubeIDE/plugins/com.st.stm32cube.ide.mcu.externaltools.gnu-tools-for-stm32.11.3.rel1.win32_1.1.100.202309141235/tools/bin/../lib/gcc/arm-none-eabi/11.3.1/thumb/v7e-m+fp/hard/crtbegin.o
 *(.init)
 .init          0x0000000008002cfc        0x4 C:/ST/STM32CubeIDE_1.13.1/STM32CubeIDE/plugins/com.st.stm32cube.ide.mcu.externaltools.gnu-tools-for-stm32.11.3.rel1.win32_1.1.100.202309141235/tools/bin/../lib/gcc/arm-none-eabi/11.3.1/thumb/v7e-m+fp/hard/crti.o
                0x0000000008002cfc                _init
 .init          0x0000000008002d00        0x8 C:/ST/STM32CubeIDE_1.13.1/STM32CubeIDE/plugins/com.st.stm32cube.ide.mcu.externaltools.gnu-tools-for-stm32.11.3.rel1.win32_1.1.100.202309141235/tools/bin/../lib/gcc/arm-none-eabi/11.3.1/thumb/v7e-m+fp/hard/crtn.o
 *(.fini)
 .fini          0x0000000008002d08        0x4 C:/ST/STM32CubeIDE_1.13.1/STM32CubeIDE/plugins/com.st.stm32cube.ide.mcu.externaltools.gnu-tools-for-stm32.11.3.rel1.win32_1.1.100.202309141235/tools/bin/../lib/gcc/arm-none-eabi/11.3.1/thumb/v7e-m+fp/hard/crti.o
                0x0000000008002d08                _fini
 .fini          0x0000000008002d0c        0x8 C:/ST/STM32CubeIDE_1.13.1/STM32CubeIDE/plugins/com.st.stm32cube.ide.mcu.externaltools.gnu-tools-for-stm32.11.3.rel1.win32_1.1.100.202309141235/tools/bin/../lib/gcc/arm-none-eabi/11.3.1/thumb/v7e-m+fp/hard/crtn.o
                0x0000000008002d14                . = ALIGN (0x4)
                0x0000000008002d14                _etext = .

.vfp11_veneer   0x0000000008002d14        0x0
 .vfp11_veneer  0x0000000008002d14        0x0 linker stubs

.v4_bx          0x0000000008002d14        0x0
 .v4_bx         0x0000000008002d14        0x0 linker stubs

.iplt           0x0000000008002d14        0x0
 .iplt          0x0000000008002d14        0x0 C:/ST/STM32CubeIDE_1.13.1/STM32CubeIDE/plugins/com.st.stm32cube.ide.mcu.externaltools.gnu-tools-for-stm32.11.3.rel1.win32_1.1.100.202309141235/tools/bin/../lib/gcc/arm-none-eabi/11.3.1/thumb/v7e-m+fp/hard/crtbegin.o

.rodata         0x0000000008002d14       0x10
                0x0000000008002d14                . = ALIGN (0x4)
 *(.rodata)
 *(.rodata*)
 .rodata.AHBPrescTable
                0x0000000008002d14       0x10 ./Core/Src/system_stm32f4xx.o
                0x0000000008002d14                AHBPrescTable
                0x0000000008002d24                . = ALIGN (0x4)

.ARM.extab      0x0000000008002d24        0x0
                0x0000000008002d24                . = ALIGN (0x4)
 *(.ARM.extab* .gnu.linkonce.armextab.*)
                0x0000000008002d24                . = ALIGN (0x4)

.ARM            0x0000000008002d24        0x8
                0x0000000008002d24                . = ALIGN (0x4)
                0x0000000008002d24                __exidx_start = .
 *(.ARM.exidx*)
 .ARM.exidx     0x0000000008002d24        0x8 C:/ST/STM32CubeIDE_1.13.1/STM32CubeIDE/plugins/com.st.stm32cube.ide.mcu.externaltools.gnu-tools-for-stm32.11.3.rel1.win32_1.1.100.202309141235/tools/bin/../lib/gcc/arm-none-eabi/11.3.1/thumb/v7e-m+fp/hard\libgcc.a(_udivmoddi4.o)
                0x0000000008002d2c                __exidx_end = .
                0x0000000008002d2c                . = ALIGN (0x4)

.rel.dyn        0x0000000008002d2c        0x0
 .rel.iplt      0x0000000008002d2c        0x0 C:/ST/STM32CubeIDE_1.13.1/STM32CubeIDE/plugins/com.st.stm32cube.ide.mcu.externaltools.gnu-tools-for-stm32.11.3.rel1.win32_1.1.100.202309141235/tools/bin/../lib/gcc/arm-none-eabi/11.3.1/thumb/v7e-m+fp/hard/crtbegin.o

.preinit_array  0x0000000008002d2c        0x0
                0x0000000008002d2c                . = ALIGN (0x4)
                0x0000000008002d2c                PROVIDE (__preinit_array_start = .)
 *(.preinit_array*)
                0x0000000008002d2c                PROVIDE (__preinit_array_end = .)
                0x0000000008002d2c                . = ALIGN (0x4)

.init_array     0x0000000008002d2c        0x4
                0x0000000008002d2c                . = ALIGN (0x4)
                0x0000000008002d2c                PROVIDE (__init_array_start = .)
 *(SORT_BY_NAME(.init_array.*))
 *(.init_array*)
 .init_array    0x0000000008002d2c        0x4 C:/ST/STM32CubeIDE_1.13.1/STM32CubeIDE/plugins/com.st.stm32cube.ide.mcu.externaltools.gnu-tools-for-stm32.11.3.rel1.win32_1.1.100.202309141235/tools/bin/../lib/gcc/arm-none-eabi/11.3.1/thumb/v7e-m+fp/hard/crtbegin.o
                0x0000000008002d30                PROVIDE (__init_array_end = .)
                0x0000000008002d30                . = ALIGN (0x4)

.fini_array     0x0000000008002d30        0x4
                0x0000000008002d30                . = ALIGN (0x4)
                [!provide]                        PROVIDE (__fini_array_start = .)
 *(SORT_BY_NAME(.fini_array.*))
 *(.fini_array*)
 .fini_array    0x0000000008002d30        0x4 C:/ST/STM32CubeIDE_1.13.1/STM32CubeIDE/plugins/com.st.stm32cube.ide.mcu.externaltools.gnu-tools-for-stm32.11.3.rel1.win32_1.1.100.202309141235/tools/bin/../lib/gcc/arm-none-eabi/11.3.1/thumb/v7e-m+fp/hard/crtbegin.o
                [!provide]                        PROVIDE (__fini_array_end = .)
                0x0000000008002d34                . = ALIGN (0x4)
                0x0000000008002d34                _sidata = LOADADDR (.data)

.data           0x0000000020000000       0x10 load address 0x0000000008002d34
                0x0000000020000000                . = ALIGN (0x4)
                0x0000000020000000                _sdata = .
 *(.data)
 *(.data*)
 .data.G_u8DisaplayFlag
                0x0000000020000000        0x1 ./Core/Src/Application/Clock.o
                0x0000000020000000                G_u8DisaplayFlag
 *fill*         0x0000000020000001        0x3 
 .data.SystemCoreClock
                0x0000000020000004        0x4 ./Core/Src/system_stm32f4xx.o
                0x0000000020000004                SystemCoreClock
 .data.uwTickPrio
                0x0000000020000008        0x4 ./Drivers/STM32F4xx_HAL_Driver/Src/stm32f4xx_hal.o
                0x0000000020000008                uwTickPrio
 .data.uwTickFreq
                0x000000002000000c        0x1 ./Drivers/STM32F4xx_HAL_Driver/Src/stm32f4xx_hal.o
                0x000000002000000c                uwTickFreq
 *(.RamFunc)
 *(.RamFunc*)
                0x0000000020000010                . = ALIGN (0x4)
 *fill*         0x000000002000000d        0x3 
                0x0000000020000010                _edata = .

.igot.plt       0x0000000020000010        0x0 load address 0x0000000008002d44
 .igot.plt      0x0000000020000010        0x0 C:/ST/STM32CubeIDE_1.13.1/STM32CubeIDE/plugins/com.st.stm32cube.ide.mcu.externaltools.gnu-tools-for-stm32.11.3.rel1.win32_1.1.100.202309141235/tools/bin/../lib/gcc/arm-none-eabi/11.3.1/thumb/v7e-m+fp/hard/crtbegin.o
                0x0000000020000010                . = ALIGN (0x4)

.bss            0x0000000020000010       0x70 load address 0x0000000008002d44
                0x0000000020000010                _sbss = .
                0x0000000020000010                __bss_start__ = _sbss
 *(.bss)
 .bss           0x0000000020000010       0x1c C:/ST/STM32CubeIDE_1.13.1/STM32CubeIDE/plugins/com.st.stm32cube.ide.mcu.externaltools.gnu-tools-for-stm32.11.3.rel1.win32_1.1.100.202309141235/tools/bin/../lib/gcc/arm-none-eabi/11.3.1/thumb/v7e-m+fp/hard/crtbegin.o
 *(.bss*)
 .bss.G_u8AlarmMins
                0x000000002000002c        0x1 ./Core/Src/Application/Alarm.o
                0x000000002000002c                G_u8AlarmMins
 .bss.G_u8AlarmHours
                0x000000002000002d        0x1 ./Core/Src/Application/Alarm.o
                0x000000002000002d                G_u8AlarmHours
 .bss.G_u8AlarmON
                0x000000002000002e        0x1 ./Core/Src/Application/Alarm.o
                0x000000002000002e                G_u8AlarmON
 .bss.G_u8AlarmRinging
                0x000000002000002f        0x1 ./Core/Src/Application/Alarm.o
                0x000000002000002f                G_u8AlarmRinging
 .bss.G_u8Secs  0x0000000020000030        0x1 ./Core/Src/Application/Clock.o
                0x0000000020000030                G_u8Secs
 .bss.G_u8Mins  0x0000000020000031        0x1 ./Core/Src/Application/Clock.o
                0x0000000020000031                G_u8Mins
 .bss.G_u8Hours
                0x0000000020000032        0x1 ./Core/Src/Application/Clock.o
                0x0000000020000032                G_u8Hours
 *fill*         0x0000000020000033        0x1 
 .bss.htim4     0x0000000020000034       0x48 ./Core/Src/main.o
                0x0000000020000034                htim4
 .bss.uwTick    0x000000002000007c        0x4 ./Drivers/STM32F4xx_HAL_Driver/Src/stm32f4xx_hal.o
                0x000000002000007c                uwTick
 *(COMMON)
                0x0000000020000080                . = ALIGN (0x4)
                0x0000000020000080                _ebss = .
                0x0000000020000080                __bss_end__ = _ebss

._user_heap_stack
                0x0000000020000080      0x600 load address 0x0000000008002d44
                0x0000000020000080                . = ALIGN (0x8)
                [!provide]                        PROVIDE (end = .)
                0x0000000020000080                PROVIDE (_end = .)
                0x0000000020000280                . = (. + _Min_Heap_Size)
 *fill*         0x0000000020000080      0x200 
                0x0000000020000680                . = (. + _Min_Stack_Size)
 *fill*         0x0000000020000280      0x400 
                0x0000000020000680                . = ALIGN (0x8)

/DISCARD/
 libc.a(*)
 libm.a(*)
 libgcc.a(*)

.ARM.attributes
                0x0000000000000000       0x30
 *(.ARM.attributes)
 .ARM.attributes
                0x0000000000000000       0x1e C:/ST/STM32CubeIDE_1.13.1/STM32CubeIDE/plugins/com.st.stm32cube.ide.mcu.externaltools.gnu-tools-for-stm32.11.3.rel1.win32_1.1.100.202309141235/tools/bin/../lib/gcc/arm-none-eabi/11.3.1/thumb/v7e-m+fp/hard/crti.o
 .ARM.attributes
                0x000000000000001e       0x34 C:/ST/STM32CubeIDE_1.13.1/STM32CubeIDE/plugins/com.st.stm32cube.ide.mcu.externaltools.gnu-tools-for-stm32.11.3.rel1.win32_1.1.100.202309141235/tools/bin/../lib/gcc/arm-none-eabi/11.3.1/thumb/v7e-m+fp/hard/crtbegin.o
 .ARM.attributes
                0x0000000000000052       0x34 ./Core/Src/Application/Alarm.o
 .ARM.attributes
                0x0000000000000086       0x34 ./Core/Src/Application/Clock.o
 .ARM.attributes
                0x00000000000000ba       0x34 ./Core/Src/HAL/HDELAY/HDELAY_Program.o
 .ARM.attributes
                0x00000000000000ee       0x34 ./Core/Src/HAL/HLCD/HLCD_programm.o
 .ARM.attributes
                0x0000000000000122       0x34 ./Core/Src/main.o
 .ARM.attributes
                0x0000000000000156       0x34 ./Core/Src/stm32f4xx_hal_msp.o
 .ARM.attributes
                0x000000000000018a       0x34 ./Core/Src/stm32f4xx_it.o
 .ARM.attributes
                0x00000000000001be       0x34 ./Core/Src/system_stm32f4xx.o
 .ARM.attributes
                0x00000000000001f2       0x21 ./Core/Startup/startup_stm32f401ccux.o
 .ARM.attributes
                0x0000000000000213       0x34 ./Drivers/STM32F4xx_HAL_Driver/Src/stm32f4xx_hal.o
 .ARM.attributes
                0x0000000000000247       0x34 ./Drivers/STM32F4xx_HAL_Driver/Src/stm32f4xx_hal_cortex.o
 .ARM.attributes
                0x000000000000027b       0x34 ./Drivers/STM32F4xx_HAL_Driver/Src/stm32f4xx_hal_gpio.o
 .ARM.attributes
                0x00000000000002af       0x34 ./Drivers/STM32F4xx_HAL_Driver/Src/stm32f4xx_hal_rcc.o
 .ARM.attributes
                0x00000000000002e3       0x34 ./Drivers/STM32F4xx_HAL_Driver/Src/stm32f4xx_hal_tim.o
 .ARM.attributes
                0x0000000000000317       0x34 ./Drivers/STM32F4xx_HAL_Driver/Src/stm32f4xx_hal_tim_ex.o
 .ARM.attributes
                0x000000000000034b       0x34 C:/ST/STM32CubeIDE_1.13.1/STM32CubeIDE/plugins/com.st.stm32cube.ide.mcu.externaltools.gnu-tools-for-stm32.11.3.rel1.win32_1.1.100.202309141235/tools/bin/../lib/gcc/arm-none-eabi/11.3.1/../../../../arm-none-eabi/lib/thumb/v7e-m+fp/hard\libc_nano.a(libc_a-memset.o)
 .ARM.attributes
                0x000000000000037f       0x34 C:/ST/STM32CubeIDE_1.13.1/STM32CubeIDE/plugins/com.st.stm32cube.ide.mcu.externaltools.gnu-tools-for-stm32.11.3.rel1.win32_1.1.100.202309141235/tools/bin/../lib/gcc/arm-none-eabi/11.3.1/../../../../arm-none-eabi/lib/thumb/v7e-m+fp/hard\libc_nano.a(libc_a-init.o)
 .ARM.attributes
                0x00000000000003b3       0x1e C:/ST/STM32CubeIDE_1.13.1/STM32CubeIDE/plugins/com.st.stm32cube.ide.mcu.externaltools.gnu-tools-for-stm32.11.3.rel1.win32_1.1.100.202309141235/tools/bin/../lib/gcc/arm-none-eabi/11.3.1/thumb/v7e-m+fp/hard\libgcc.a(_aeabi_uldivmod.o)
 .ARM.attributes
                0x00000000000003d1       0x34 C:/ST/STM32CubeIDE_1.13.1/STM32CubeIDE/plugins/com.st.stm32cube.ide.mcu.externaltools.gnu-tools-for-stm32.11.3.rel1.win32_1.1.100.202309141235/tools/bin/../lib/gcc/arm-none-eabi/11.3.1/thumb/v7e-m+fp/hard\libgcc.a(_udivmoddi4.o)
 .ARM.attributes
                0x0000000000000405       0x1e C:/ST/STM32CubeIDE_1.13.1/STM32CubeIDE/plugins/com.st.stm32cube.ide.mcu.externaltools.gnu-tools-for-stm32.11.3.rel1.win32_1.1.100.202309141235/tools/bin/../lib/gcc/arm-none-eabi/11.3.1/thumb/v7e-m+fp/hard\libgcc.a(_dvmd_tls.o)
 .ARM.attributes
                0x0000000000000423       0x1e C:/ST/STM32CubeIDE_1.13.1/STM32CubeIDE/plugins/com.st.stm32cube.ide.mcu.externaltools.gnu-tools-for-stm32.11.3.rel1.win32_1.1.100.202309141235/tools/bin/../lib/gcc/arm-none-eabi/11.3.1/thumb/v7e-m+fp/hard/crtn.o
OUTPUT(digitalClock.elf elf32-littlearm)
LOAD linker stubs
LOAD C:/ST/STM32CubeIDE_1.13.1/STM32CubeIDE/plugins/com.st.stm32cube.ide.mcu.externaltools.gnu-tools-for-stm32.11.3.rel1.win32_1.1.100.202309141235/tools/bin/../lib/gcc/arm-none-eabi/11.3.1/../../../../arm-none-eabi/lib/thumb/v7e-m+fp/hard\libc.a
LOAD C:/ST/STM32CubeIDE_1.13.1/STM32CubeIDE/plugins/com.st.stm32cube.ide.mcu.externaltools.gnu-tools-for-stm32.11.3.rel1.win32_1.1.100.202309141235/tools/bin/../lib/gcc/arm-none-eabi/11.3.1/../../../../arm-none-eabi/lib/thumb/v7e-m+fp/hard\libm.a
LOAD C:/ST/STM32CubeIDE_1.13.1/STM32CubeIDE/plugins/com.st.stm32cube.ide.mcu.externaltools.gnu-tools-for-stm32.11.3.rel1.win32_1.1.100.202309141235/tools/bin/../lib/gcc/arm-none-eabi/11.3.1/thumb/v7e-m+fp/hard\libgcc.a

.comment        0x0000000000000000       0x43
 .comment       0x0000000000000000       0x43 C:/ST/STM32CubeIDE_1.13.1/STM32CubeIDE/plugins/com.st.stm32cube.ide.mcu.externaltools.gnu-tools-for-stm32.11.3.rel1.win32_1.1.100.202309141235/tools/bin/../lib/gcc/arm-none-eabi/11.3.1/thumb/v7e-m+fp/hard/crtbegin.o
                                         0x44 (size before relaxing)
 .comment       0x0000000000000043       0x44 ./Core/Src/Application/Alarm.o
 .comment       0x0000000000000043       0x44 ./Core/Src/Application/Clock.o
 .comment       0x0000000000000043       0x44 ./Core/Src/HAL/HDELAY/HDELAY_Program.o
 .comment       0x0000000000000043       0x44 ./Core/Src/HAL/HLCD/HLCD_programm.o
 .comment       0x0000000000000043       0x44 ./Core/Src/main.o
 .comment       0x0000000000000043       0x44 ./Core/Src/stm32f4xx_hal_msp.o
 .comment       0x0000000000000043       0x44 ./Core/Src/stm32f4xx_it.o
 .comment       0x0000000000000043       0x44 ./Core/Src/system_stm32f4xx.o
 .comment       0x0000000000000043       0x44 ./Drivers/STM32F4xx_HAL_Driver/Src/stm32f4xx_hal.o
 .comment       0x0000000000000043       0x44 ./Drivers/STM32F4xx_HAL_Driver/Src/stm32f4xx_hal_cortex.o
 .comment       0x0000000000000043       0x44 ./Drivers/STM32F4xx_HAL_Driver/Src/stm32f4xx_hal_gpio.o
 .comment       0x0000000000000043       0x44 ./Drivers/STM32F4xx_HAL_Driver/Src/stm32f4xx_hal_rcc.o
 .comment       0x0000000000000043       0x44 ./Drivers/STM32F4xx_HAL_Driver/Src/stm32f4xx_hal_tim.o
 .comment       0x0000000000000043       0x44 ./Drivers/STM32F4xx_HAL_Driver/Src/stm32f4xx_hal_tim_ex.o

.debug_info     0x0000000000000000     0x8f6a
 .debug_info    0x0000000000000000      0x338 ./Core/Src/Application/Alarm.o
 .debug_info    0x0000000000000338      0x3a8 ./Core/Src/Application/Clock.o
 .debug_info    0x00000000000006e0      0x205 ./Core/Src/HAL/HDELAY/HDELAY_Program.o
 .debug_info    0x00000000000008e5      0x42c ./Core/Src/HAL/HLCD/HLCD_programm.o
 .debug_info    0x0000000000000d11      0xf04 ./Core/Src/main.o
 .debug_info    0x0000000000001c15      0x8b5 ./Core/Src/stm32f4xx_hal_msp.o
 .debug_info    0x00000000000024ca      0x13a ./Core/Src/stm32f4xx_it.o
 .debug_info    0x0000000000002604      0x53e ./Core/Src/system_stm32f4xx.o
 .debug_info    0x0000000000002b42       0x23 ./Core/Startup/startup_stm32f401ccux.o
 .debug_info    0x0000000000002b65      0x8bb ./Drivers/STM32F4xx_HAL_Driver/Src/stm32f4xx_hal.o
 .debug_info    0x0000000000003420      0xcf6 ./Drivers/STM32F4xx_HAL_Driver/Src/stm32f4xx_hal_cortex.o
 .debug_info    0x0000000000004116      0x6f9 ./Drivers/STM32F4xx_HAL_Driver/Src/stm32f4xx_hal_gpio.o
 .debug_info    0x000000000000480f      0x8f1 ./Drivers/STM32F4xx_HAL_Driver/Src/stm32f4xx_hal_rcc.o
 .debug_info    0x0000000000005100     0x2996 ./Drivers/STM32F4xx_HAL_Driver/Src/stm32f4xx_hal_tim.o
 .debug_info    0x0000000000007a96     0x14d4 ./Drivers/STM32F4xx_HAL_Driver/Src/stm32f4xx_hal_tim_ex.o

.debug_abbrev   0x0000000000000000     0x1aed
 .debug_abbrev  0x0000000000000000      0x19b ./Core/Src/Application/Alarm.o
 .debug_abbrev  0x000000000000019b      0x1d5 ./Core/Src/Application/Clock.o
 .debug_abbrev  0x0000000000000370       0xdc ./Core/Src/HAL/HDELAY/HDELAY_Program.o
 .debug_abbrev  0x000000000000044c      0x189 ./Core/Src/HAL/HLCD/HLCD_programm.o
 .debug_abbrev  0x00000000000005d5      0x2ac ./Core/Src/main.o
 .debug_abbrev  0x0000000000000881      0x1a2 ./Core/Src/stm32f4xx_hal_msp.o
 .debug_abbrev  0x0000000000000a23       0x8c ./Core/Src/stm32f4xx_it.o
 .debug_abbrev  0x0000000000000aaf      0x11a ./Core/Src/system_stm32f4xx.o
 .debug_abbrev  0x0000000000000bc9       0x12 ./Core/Startup/startup_stm32f401ccux.o
 .debug_abbrev  0x0000000000000bdb      0x24b ./Drivers/STM32F4xx_HAL_Driver/Src/stm32f4xx_hal.o
 .debug_abbrev  0x0000000000000e26      0x31d ./Drivers/STM32F4xx_HAL_Driver/Src/stm32f4xx_hal_cortex.o
 .debug_abbrev  0x0000000000001143      0x1d3 ./Drivers/STM32F4xx_HAL_Driver/Src/stm32f4xx_hal_gpio.o
 .debug_abbrev  0x0000000000001316      0x2b6 ./Drivers/STM32F4xx_HAL_Driver/Src/stm32f4xx_hal_rcc.o
 .debug_abbrev  0x00000000000015cc      0x28b ./Drivers/STM32F4xx_HAL_Driver/Src/stm32f4xx_hal_tim.o
 .debug_abbrev  0x0000000000001857      0x296 ./Drivers/STM32F4xx_HAL_Driver/Src/stm32f4xx_hal_tim_ex.o

.debug_aranges  0x0000000000000000      0xa60
 .debug_aranges
                0x0000000000000000       0x40 ./Core/Src/Application/Alarm.o
 .debug_aranges
                0x0000000000000040       0x40 ./Core/Src/Application/Clock.o
 .debug_aranges
                0x0000000000000080       0x28 ./Core/Src/HAL/HDELAY/HDELAY_Program.o
 .debug_aranges
                0x00000000000000a8       0x60 ./Core/Src/HAL/HLCD/HLCD_programm.o
 .debug_aranges
                0x0000000000000108       0x40 ./Core/Src/main.o
 .debug_aranges
                0x0000000000000148       0x30 ./Core/Src/stm32f4xx_hal_msp.o
 .debug_aranges
                0x0000000000000178       0x60 ./Core/Src/stm32f4xx_it.o
 .debug_aranges
                0x00000000000001d8       0x28 ./Core/Src/system_stm32f4xx.o
 .debug_aranges
                0x0000000000000200       0x28 ./Core/Startup/startup_stm32f401ccux.o
 .debug_aranges
                0x0000000000000228       0xf0 ./Drivers/STM32F4xx_HAL_Driver/Src/stm32f4xx_hal.o
 .debug_aranges
                0x0000000000000318      0x130 ./Drivers/STM32F4xx_HAL_Driver/Src/stm32f4xx_hal_cortex.o
 .debug_aranges
                0x0000000000000448       0x58 ./Drivers/STM32F4xx_HAL_Driver/Src/stm32f4xx_hal_gpio.o
 .debug_aranges
                0x00000000000004a0       0x88 ./Drivers/STM32F4xx_HAL_Driver/Src/stm32f4xx_hal_rcc.o
 .debug_aranges
                0x0000000000000528      0x3d0 ./Drivers/STM32F4xx_HAL_Driver/Src/stm32f4xx_hal_tim.o
 .debug_aranges
                0x00000000000008f8      0x168 ./Drivers/STM32F4xx_HAL_Driver/Src/stm32f4xx_hal_tim_ex.o

.debug_rnglists
                0x0000000000000000      0x7f1
 .debug_rnglists
                0x0000000000000000       0x2c ./Core/Src/Application/Alarm.o
 .debug_rnglists
                0x000000000000002c       0x2f ./Core/Src/Application/Clock.o
 .debug_rnglists
                0x000000000000005b       0x19 ./Core/Src/HAL/HDELAY/HDELAY_Program.o
 .debug_rnglists
                0x0000000000000074       0x46 ./Core/Src/HAL/HLCD/HLCD_programm.o
 .debug_rnglists
                0x00000000000000ba       0x2f ./Core/Src/main.o
 .debug_rnglists
                0x00000000000000e9       0x1f ./Core/Src/stm32f4xx_hal_msp.o
 .debug_rnglists
                0x0000000000000108       0x43 ./Core/Src/stm32f4xx_it.o
 .debug_rnglists
                0x000000000000014b       0x1a ./Core/Src/system_stm32f4xx.o
 .debug_rnglists
                0x0000000000000165       0x19 ./Core/Startup/startup_stm32f401ccux.o
 .debug_rnglists
                0x000000000000017e       0xaf ./Drivers/STM32F4xx_HAL_Driver/Src/stm32f4xx_hal.o
 .debug_rnglists
                0x000000000000022d       0xe0 ./Drivers/STM32F4xx_HAL_Driver/Src/stm32f4xx_hal_cortex.o
 .debug_rnglists
                0x000000000000030d       0x3f ./Drivers/STM32F4xx_HAL_Driver/Src/stm32f4xx_hal_gpio.o
 .debug_rnglists
                0x000000000000034c       0x66 ./Drivers/STM32F4xx_HAL_Driver/Src/stm32f4xx_hal_rcc.o
 .debug_rnglists
                0x00000000000003b2      0x31a ./Drivers/STM32F4xx_HAL_Driver/Src/stm32f4xx_hal_tim.o
 .debug_rnglists
                0x00000000000006cc      0x125 ./Drivers/STM32F4xx_HAL_Driver/Src/stm32f4xx_hal_tim_ex.o

.debug_macro    0x0000000000000000    0x1588d
 .debug_macro   0x0000000000000000      0x1f4 ./Core/Src/Application/Alarm.o
 .debug_macro   0x00000000000001f4      0xaa8 ./Core/Src/Application/Alarm.o
 .debug_macro   0x0000000000000c9c       0x1c ./Core/Src/Application/Alarm.o
 .debug_macro   0x0000000000000cb8       0x6a ./Core/Src/Application/Alarm.o
 .debug_macro   0x0000000000000d22      0x295 ./Core/Src/Application/Alarm.o
 .debug_macro   0x0000000000000fb7       0x2e ./Core/Src/Application/Alarm.o
 .debug_macro   0x0000000000000fe5       0x28 ./Core/Src/Application/Alarm.o
 .debug_macro   0x000000000000100d       0x22 ./Core/Src/Application/Alarm.o
 .debug_macro   0x000000000000102f       0x8e ./Core/Src/Application/Alarm.o
 .debug_macro   0x00000000000010bd       0x51 ./Core/Src/Application/Alarm.o
 .debug_macro   0x000000000000110e      0x103 ./Core/Src/Application/Alarm.o
 .debug_macro   0x0000000000001211       0x6a ./Core/Src/Application/Alarm.o
 .debug_macro   0x000000000000127b      0x1df ./Core/Src/Application/Alarm.o
 .debug_macro   0x000000000000145a       0x1c ./Core/Src/Application/Alarm.o
 .debug_macro   0x0000000000001476       0x22 ./Core/Src/Application/Alarm.o
 .debug_macro   0x0000000000001498       0xfb ./Core/Src/Application/Alarm.o
 .debug_macro   0x0000000000001593     0x1011 ./Core/Src/Application/Alarm.o
 .debug_macro   0x00000000000025a4      0x11f ./Core/Src/Application/Alarm.o
 .debug_macro   0x00000000000026c3     0xb86c ./Core/Src/Application/Alarm.o
 .debug_macro   0x000000000000df2f       0x6d ./Core/Src/Application/Alarm.o
 .debug_macro   0x000000000000df9c     0x369a ./Core/Src/Application/Alarm.o
 .debug_macro   0x0000000000011636      0x174 ./Core/Src/Application/Alarm.o
 .debug_macro   0x00000000000117aa       0x5c ./Core/Src/Application/Alarm.o
 .debug_macro   0x0000000000011806      0x416 ./Core/Src/Application/Alarm.o
 .debug_macro   0x0000000000011c1c      0x9e9 ./Core/Src/Application/Alarm.o
 .debug_macro   0x0000000000012605      0x115 ./Core/Src/Application/Alarm.o
 .debug_macro   0x000000000001271a       0xf8 ./Core/Src/Application/Alarm.o
 .debug_macro   0x0000000000012812       0xa5 ./Core/Src/Application/Alarm.o
 .debug_macro   0x00000000000128b7      0x15f ./Core/Src/Application/Alarm.o
 .debug_macro   0x0000000000012a16      0x287 ./Core/Src/Application/Alarm.o
 .debug_macro   0x0000000000012c9d       0x5f ./Core/Src/Application/Alarm.o
 .debug_macro   0x0000000000012cfc      0x236 ./Core/Src/Application/Alarm.o
 .debug_macro   0x0000000000012f32      0x132 ./Core/Src/Application/Alarm.o
 .debug_macro   0x0000000000013064      0x23a ./Core/Src/Application/Alarm.o
 .debug_macro   0x000000000001329e       0x2e ./Core/Src/Application/Alarm.o
 .debug_macro   0x00000000000132cc      0x127 ./Core/Src/Application/Alarm.o
 .debug_macro   0x00000000000133f3       0x85 ./Core/Src/Application/Alarm.o
 .debug_macro   0x0000000000013478       0x89 ./Core/Src/Application/Alarm.o
 .debug_macro   0x0000000000013501      0x8ed ./Core/Src/Application/Alarm.o
 .debug_macro   0x0000000000013dee       0x47 ./Core/Src/Application/Alarm.o
 .debug_macro   0x0000000000013e35      0x126 ./Core/Src/Application/Alarm.o
 .debug_macro   0x0000000000013f5b      0x1ea ./Core/Src/Application/Clock.o
 .debug_macro   0x0000000000014145      0x1d7 ./Core/Src/HAL/HDELAY/HDELAY_Program.o
 .debug_macro   0x000000000001431c      0x1fc ./Core/Src/HAL/HLCD/HLCD_programm.o
 .debug_macro   0x0000000000014518       0x1c ./Core/Src/HAL/HLCD/HLCD_programm.o
 .debug_macro   0x0000000000014534       0x82 ./Core/Src/HAL/HLCD/HLCD_programm.o
 .debug_macro   0x00000000000145b6      0x1fe ./Core/Src/main.o
 .debug_macro   0x00000000000147b4      0x1ea ./Core/Src/stm32f4xx_hal_msp.o
 .debug_macro   0x000000000001499e      0x208 ./Core/Src/stm32f4xx_it.o
 .debug_macro   0x0000000000014ba6      0x1c4 ./Core/Src/system_stm32f4xx.o
 .debug_macro   0x0000000000014d6a      0x224 ./Drivers/STM32F4xx_HAL_Driver/Src/stm32f4xx_hal.o
 .debug_macro   0x0000000000014f8e      0x1c4 ./Drivers/STM32F4xx_HAL_Driver/Src/stm32f4xx_hal_cortex.o
 .debug_macro   0x0000000000015152      0x1ca ./Drivers/STM32F4xx_HAL_Driver/Src/stm32f4xx_hal_gpio.o
 .debug_macro   0x000000000001531c      0x1e8 ./Drivers/STM32F4xx_HAL_Driver/Src/stm32f4xx_hal_rcc.o
 .debug_macro   0x0000000000015504      0x1c5 ./Drivers/STM32F4xx_HAL_Driver/Src/stm32f4xx_hal_tim.o
 .debug_macro   0x00000000000156c9      0x1c4 ./Drivers/STM32F4xx_HAL_Driver/Src/stm32f4xx_hal_tim_ex.o

.debug_line     0x0000000000000000     0xc81c
 .debug_line    0x0000000000000000      0xa60 ./Core/Src/Application/Alarm.o
 .debug_line    0x0000000000000a60      0xa9a ./Core/Src/Application/Clock.o
 .debug_line    0x00000000000014fa      0x7bb ./Core/Src/HAL/HDELAY/HDELAY_Program.o
 .debug_line    0x0000000000001cb5      0x9ef ./Core/Src/HAL/HLCD/HLCD_programm.o
 .debug_line    0x00000000000026a4      0x926 ./Core/Src/main.o
 .debug_line    0x0000000000002fca      0x7f9 ./Core/Src/stm32f4xx_hal_msp.o
 .debug_line    0x00000000000037c3      0x8b5 ./Core/Src/stm32f4xx_it.o
 .debug_line    0x0000000000004078      0x7b8 ./Core/Src/system_stm32f4xx.o
 .debug_line    0x0000000000004830       0x7a ./Core/Startup/startup_stm32f401ccux.o
 .debug_line    0x00000000000048aa      0xa1e ./Drivers/STM32F4xx_HAL_Driver/Src/stm32f4xx_hal.o
 .debug_line    0x00000000000052c8      0xd18 ./Drivers/STM32F4xx_HAL_Driver/Src/stm32f4xx_hal_cortex.o
 .debug_line    0x0000000000005fe0      0xb56 ./Drivers/STM32F4xx_HAL_Driver/Src/stm32f4xx_hal_gpio.o
 .debug_line    0x0000000000006b36      0xdad ./Drivers/STM32F4xx_HAL_Driver/Src/stm32f4xx_hal_rcc.o
 .debug_line    0x00000000000078e3     0x3584 ./Drivers/STM32F4xx_HAL_Driver/Src/stm32f4xx_hal_tim.o
 .debug_line    0x000000000000ae67     0x19b5 ./Drivers/STM32F4xx_HAL_Driver/Src/stm32f4xx_hal_tim_ex.o

.debug_str      0x0000000000000000    0x8787d
 .debug_str     0x0000000000000000    0x84547 ./Core/Src/Application/Alarm.o
                                      0x847b7 (size before relaxing)
 .debug_str     0x0000000000084547       0xc3 ./Core/Src/Application/Clock.o
                                      0x847c4 (size before relaxing)
 .debug_str     0x000000000008460a       0x54 ./Core/Src/HAL/HDELAY/HDELAY_Program.o
                                      0x844ee (size before relaxing)
 .debug_str     0x000000000008465e      0x3df ./Core/Src/HAL/HLCD/HLCD_programm.o
                                      0x84a87 (size before relaxing)
 .debug_str     0x0000000000084a3d      0x96d ./Core/Src/main.o
                                      0x8512f (size before relaxing)
 .debug_str     0x00000000000853aa       0x62 ./Core/Src/stm32f4xx_hal_msp.o
                                      0x84c61 (size before relaxing)
 .debug_str     0x000000000008540c       0xc9 ./Core/Src/stm32f4xx_it.o
                                      0x846be (size before relaxing)
 .debug_str     0x00000000000854d5       0xcb ./Core/Src/system_stm32f4xx.o
                                      0x845e4 (size before relaxing)
 .debug_str     0x00000000000855a0       0x34 ./Core/Startup/startup_stm32f401ccux.o
                                         0x5d (size before relaxing)
 .debug_str     0x00000000000855d4      0x919 ./Drivers/STM32F4xx_HAL_Driver/Src/stm32f4xx_hal.o
                                      0x85006 (size before relaxing)
 .debug_str     0x0000000000085eed      0x397 ./Drivers/STM32F4xx_HAL_Driver/Src/stm32f4xx_hal_cortex.o
                                      0x84d70 (size before relaxing)
 .debug_str     0x0000000000086284      0x120 ./Drivers/STM32F4xx_HAL_Driver/Src/stm32f4xx_hal_gpio.o
                                      0x8475f (size before relaxing)
 .debug_str     0x00000000000863a4      0x233 ./Drivers/STM32F4xx_HAL_Driver/Src/stm32f4xx_hal_rcc.o
                                      0x84a18 (size before relaxing)
 .debug_str     0x00000000000865d7      0xe13 ./Drivers/STM32F4xx_HAL_Driver/Src/stm32f4xx_hal_tim.o
                                      0x8595c (size before relaxing)
 .debug_str     0x00000000000873ea      0x493 ./Drivers/STM32F4xx_HAL_Driver/Src/stm32f4xx_hal_tim_ex.o
                                      0x85168 (size before relaxing)

.debug_frame    0x0000000000000000     0x29f8
 .debug_frame   0x0000000000000000       0xa8 ./Core/Src/Application/Alarm.o
 .debug_frame   0x00000000000000a8       0xbc ./Core/Src/Application/Clock.o
 .debug_frame   0x0000000000000164       0x60 ./Core/Src/HAL/HDELAY/HDELAY_Program.o
 .debug_frame   0x00000000000001c4      0x144 ./Core/Src/HAL/HLCD/HLCD_programm.o
 .debug_frame   0x0000000000000308       0xb4 ./Core/Src/main.o
 .debug_frame   0x00000000000003bc       0x88 ./Core/Src/stm32f4xx_hal_msp.o
 .debug_frame   0x0000000000000444      0x104 ./Core/Src/stm32f4xx_it.o
 .debug_frame   0x0000000000000548       0x58 ./Core/Src/system_stm32f4xx.o
 .debug_frame   0x00000000000005a0      0x374 ./Drivers/STM32F4xx_HAL_Driver/Src/stm32f4xx_hal.o
 .debug_frame   0x0000000000000914      0x508 ./Drivers/STM32F4xx_HAL_Driver/Src/stm32f4xx_hal_cortex.o
 .debug_frame   0x0000000000000e1c      0x14c ./Drivers/STM32F4xx_HAL_Driver/Src/stm32f4xx_hal_gpio.o
 .debug_frame   0x0000000000000f68      0x1f4 ./Drivers/STM32F4xx_HAL_Driver/Src/stm32f4xx_hal_rcc.o
 .debug_frame   0x000000000000115c     0x11b8 ./Drivers/STM32F4xx_HAL_Driver/Src/stm32f4xx_hal_tim.o
 .debug_frame   0x0000000000002314      0x638 ./Drivers/STM32F4xx_HAL_Driver/Src/stm32f4xx_hal_tim_ex.o
 .debug_frame   0x000000000000294c       0x20 C:/ST/STM32CubeIDE_1.13.1/STM32CubeIDE/plugins/com.st.stm32cube.ide.mcu.externaltools.gnu-tools-for-stm32.11.3.rel1.win32_1.1.100.202309141235/tools/bin/../lib/gcc/arm-none-eabi/11.3.1/../../../../arm-none-eabi/lib/thumb/v7e-m+fp/hard\libc_nano.a(libc_a-memset.o)
 .debug_frame   0x000000000000296c       0x2c C:/ST/STM32CubeIDE_1.13.1/STM32CubeIDE/plugins/com.st.stm32cube.ide.mcu.externaltools.gnu-tools-for-stm32.11.3.rel1.win32_1.1.100.202309141235/tools/bin/../lib/gcc/arm-none-eabi/11.3.1/../../../../arm-none-eabi/lib/thumb/v7e-m+fp/hard\libc_nano.a(libc_a-init.o)
 .debug_frame   0x0000000000002998       0x2c C:/ST/STM32CubeIDE_1.13.1/STM32CubeIDE/plugins/com.st.stm32cube.ide.mcu.externaltools.gnu-tools-for-stm32.11.3.rel1.win32_1.1.100.202309141235/tools/bin/../lib/gcc/arm-none-eabi/11.3.1/thumb/v7e-m+fp/hard\libgcc.a(_aeabi_uldivmod.o)
 .debug_frame   0x00000000000029c4       0x34 C:/ST/STM32CubeIDE_1.13.1/STM32CubeIDE/plugins/com.st.stm32cube.ide.mcu.externaltools.gnu-tools-for-stm32.11.3.rel1.win32_1.1.100.202309141235/tools/bin/../lib/gcc/arm-none-eabi/11.3.1/thumb/v7e-m+fp/hard\libgcc.a(_udivmoddi4.o)

.debug_line_str
                0x0000000000000000       0x51
 .debug_line_str
                0x0000000000000000       0x51 ./Core/Startup/startup_stm32f401ccux.o
                                         0x69 (size before relaxing)
